

================================================================
== Vitis HLS Report for 'snn_mnist_hls'
================================================================
* Date:           Sat Oct  4 18:24:33 2025

* Version:        2024.2.2 (Build 6049644 on Mar  5 2025)
* Project:        snn_n-mnist_resource_opt
* Solution:       hls (Vivado IP Flow Target)
* Product family: kintexu
* Target device:  xcku035-fbva676-3-e


================================================================
== Performance Estimates
================================================================
+ Timing: 
    * Summary: 
    +--------+---------+----------+------------+
    |  Clock |  Target | Estimated| Uncertainty|
    +--------+---------+----------+------------+
    |ap_clk  |  2.50 ns|  1.738 ns|     0.68 ns|
    +--------+---------+----------+------------+

+ Latency: 
    * Summary: 
    +---------+---------+----------+----------+-----+------+---------+
    |  Latency (cycles) |  Latency (absolute) |  Interval  | Pipeline|
    |   min   |   max   |    min   |    max   | min |  max |   Type  |
    +---------+---------+----------+----------+-----+------+---------+
    |      145|     1998|  0.362 us|  4.995 us|  146|  1999|       no|
    +---------+---------+----------+----------+-----+------+---------+

    + Detail: 
        * Instance: 
        +--------------------------------------------------------------------------+---------------------------------------------------------------+---------+---------+-----------+----------+-----+------+---------+
        |                                                                          |                                                               |  Latency (cycles) |  Latency (absolute)  |  Interval  | Pipeline|
        |                                 Instance                                 |                             Module                            |   min   |   max   |    min    |    max   | min |  max |   Type  |
        +--------------------------------------------------------------------------+---------------------------------------------------------------+---------+---------+-----------+----------+-----+------+---------+
        |grp_lif_layer_128_784_stream_ap_uint_10_0_stream_ap_uint_10_0_1_s_fu_760  |lif_layer_128_784_stream_ap_uint_10_0_stream_ap_uint_10_0_1_s  |      129|     1702|   0.323 us|  4.255 us|  129|  1702|       no|
        |grp_lif_layer_10_128_stream_ap_uint_10_0_stream_ap_uint_10_0_1_s_fu_1279  |lif_layer_10_128_stream_ap_uint_10_0_stream_ap_uint_10_0_1_s   |       11|      272|  27.500 ns|  0.680 us|   11|   272|       no|
        +--------------------------------------------------------------------------+---------------------------------------------------------------+---------+---------+-----------+----------+-----+------+---------+

        * Loop: 
        +----------------+---------+---------+----------+-----------+-----------+--------+----------+
        |                |  Latency (cycles) | Iteration|  Initiation Interval  |  Trip  |          |
        |    Loop Name   |   min   |   max   |  Latency |  achieved |   target  |  Count | Pipelined|
        +----------------+---------+---------+----------+-----------+-----------+--------+----------+
        |- write_output  |        1|       19|         2|          -|          -|  0 ~ 10|        no|
        +----------------+---------+---------+----------+-----------+-----------+--------+----------+



================================================================
== Utilization Estimates
================================================================
* Summary: 
+-----------------+---------+------+--------+--------+-----+
|       Name      | BRAM_18K|  DSP |   FF   |   LUT  | URAM|
+-----------------+---------+------+--------+--------+-----+
|DSP              |        -|     -|       -|       -|    -|
|Expression       |        -|     -|       0|       2|    -|
|FIFO             |        1|     -|     256|     118|    -|
|Instance         |      138|     -|   15367|   18342|    -|
|Memory           |        -|     -|       -|       -|    -|
|Multiplexer      |        -|     -|       0|     152|    -|
|Register         |        -|     -|      10|       -|    -|
+-----------------+---------+------+--------+--------+-----+
|Total            |      139|     0|   15633|   18614|    0|
+-----------------+---------+------+--------+--------+-----+
|Available        |     1080|  1700|  406256|  203128|    0|
+-----------------+---------+------+--------+--------+-----+
|Utilization (%)  |       12|     0|       3|       9|    0|
+-----------------+---------+------+--------+--------+-----+

+ Detail: 
    * Instance: 
    +--------------------------------------------------------------------------+---------------------------------------------------------------+---------+----+-------+-------+-----+
    |                                 Instance                                 |                             Module                            | BRAM_18K| DSP|   FF  |  LUT  | URAM|
    +--------------------------------------------------------------------------+---------------------------------------------------------------+---------+----+-------+-------+-----+
    |grp_lif_layer_10_128_stream_ap_uint_10_0_stream_ap_uint_10_0_1_s_fu_1279  |lif_layer_10_128_stream_ap_uint_10_0_stream_ap_uint_10_0_1_s   |       10|   0|   1144|   1401|    0|
    |grp_lif_layer_128_784_stream_ap_uint_10_0_stream_ap_uint_10_0_1_s_fu_760  |lif_layer_128_784_stream_ap_uint_10_0_stream_ap_uint_10_0_1_s  |      128|   0|  14223|  16941|    0|
    +--------------------------------------------------------------------------+---------------------------------------------------------------+---------+----+-------+-------+-----+
    |Total                                                                     |                                                               |      138|   0|  15367|  18342|    0|
    +--------------------------------------------------------------------------+---------------------------------------------------------------+---------+----+-------+-------+-----+

    * DSP: 
    N/A

    * Memory: 
    N/A

    * FIFO: 
    +-------------+---------+-----+----+-----+------+-----+---------+
    |     Name    | BRAM_18K|  FF | LUT| URAM| Depth| Bits| Size:D*B|
    +-------------+---------+-----+----+-----+------+-----+---------+
    |out1_fifo_U  |        1|  157|   0|    -|   128|   10|     1280|
    |out2_fifo_U  |        0|   99|   0|    -|    10|   10|      100|
    +-------------+---------+-----+----+-----+------+-----+---------+
    |Total        |        1|  256|   0|    0|   138|   20|     1380|
    +-------------+---------+-----+----+-----+------+-----+---------+

    * Expression: 
    +-------------------------+----------+----+---+----+------------+------------+
    |      Variable Name      | Operation| DSP| FF| LUT| Bitwidth P0| Bitwidth P1|
    +-------------------------+----------+----+---+----+------------+------------+
    |grp_nbreadreq_fu_638_p3  |       and|   0|  0|   2|           1|           0|
    +-------------------------+----------+----+---+----+------------+------------+
    |Total                    |          |   0|  0|   2|           1|           0|
    +-------------------------+----------+----+---+----+------------+------------+

    * Multiplexer: 
    +-------------------------+----+-----------+-----+-----------+
    |           Name          | LUT| Input Size| Bits| Total Bits|
    +-------------------------+----+-----------+-----+-----------+
    |ap_NS_fsm                |  43|          8|    1|          8|
    |out1_read                |   9|          2|    1|          2|
    |out1_write               |   9|          2|    1|          2|
    |out2_write               |   9|          2|    1|          2|
    |output_r_address0_local  |  37|          7|    4|         28|
    |output_r_address1_local  |  31|          6|    4|         24|
    |output_r_d0_local        |  14|          3|    1|          3|
    +-------------------------+----+-----------+-----+-----------+
    |Total                    | 152|         30|   13|         69|
    +-------------------------+----+-----------+-----+-----------+

    * Register: 
    +---------------------------------------------------------------------------------------+---+----+-----+-----------+
    |                                          Name                                         | FF| LUT| Bits| Const Bits|
    +---------------------------------------------------------------------------------------+---+----+-----+-----------+
    |ap_CS_fsm                                                                              |  7|   0|    7|          0|
    |grp_lif_layer_10_128_stream_ap_uint_10_0_stream_ap_uint_10_0_1_s_fu_1279_ap_start_reg  |  1|   0|    1|          0|
    |grp_lif_layer_128_784_stream_ap_uint_10_0_stream_ap_uint_10_0_1_s_fu_760_ap_start_reg  |  1|   0|    1|          0|
    |tmp_reg_1343                                                                           |  1|   0|    1|          0|
    +---------------------------------------------------------------------------------------+---+----+-----+-----------+
    |Total                                                                                  | 10|   0|   10|          0|
    +---------------------------------------------------------------------------------------+---+----+-----+-----------+



================================================================
== Interface
================================================================
* Summary: 
+-------------------+-----+-----+------------+---------------+--------------+
|     RTL Ports     | Dir | Bits|  Protocol  | Source Object |    C Type    |
+-------------------+-----+-----+------------+---------------+--------------+
|ap_clk             |   in|    1|  ap_ctrl_hs|  snn_mnist_hls|  return value|
|ap_rst             |   in|    1|  ap_ctrl_hs|  snn_mnist_hls|  return value|
|ap_start           |   in|    1|  ap_ctrl_hs|  snn_mnist_hls|  return value|
|ap_done            |  out|    1|  ap_ctrl_hs|  snn_mnist_hls|  return value|
|ap_idle            |  out|    1|  ap_ctrl_hs|  snn_mnist_hls|  return value|
|ap_ready           |  out|    1|  ap_ctrl_hs|  snn_mnist_hls|  return value|
|input_r_dout       |   in|   10|     ap_fifo|        input_r|       pointer|
|input_r_empty_n    |   in|    1|     ap_fifo|        input_r|       pointer|
|input_r_read       |  out|    1|     ap_fifo|        input_r|       pointer|
|output_r_address0  |  out|    4|   ap_memory|       output_r|         array|
|output_r_ce0       |  out|    1|   ap_memory|       output_r|         array|
|output_r_we0       |  out|    1|   ap_memory|       output_r|         array|
|output_r_d0        |  out|    1|   ap_memory|       output_r|         array|
|output_r_address1  |  out|    4|   ap_memory|       output_r|         array|
|output_r_ce1       |  out|    1|   ap_memory|       output_r|         array|
|output_r_we1       |  out|    1|   ap_memory|       output_r|         array|
|output_r_d1        |  out|    1|   ap_memory|       output_r|         array|
+-------------------+-----+-----+------------+---------------+--------------+

